# 统计内存方法


## free命令
显示物理内存，交换内存(swap)大小和内核缓冲区内存
total总量，used已经使用量，free未被使用的量，shared共享的量，其实具体是从/proc/meminfo文件中读取出来的，total=MemTotal，free=MemFree，buffers=Buffers，shared =Shmem


	@nutshell:/ # free				
			total        used        free      shared     buffers		
	Mem:        158642176   125059072    33583104      188416      245760				
	-/+ buffers/cache:      124813312    33828864				
	Swap:               0           0           0				
	@nutshell:/ # free -h				
			total        used        free      shared     buffers		
	Mem:             151M        119M         32M        184K        240K				
	-/+ buffers/cache:           119M         32M				
	Swap:               0           0           0				
	@nutshell:/ # 				



## cat /proc/meminfo
查询总内存使用情况


    root@nutshell:/ # cat /proc/meminfo                                                                                                                                                    
    MemTotal:         154924 kB   //系统总共可用内存
    MemFree:            4780 kB   //系统中未被分配的内存
    MemAvailable:      95472 kB   //当前系统可用内存
    Buffers:             796 kB   // block buffer
    Cached:            67240 kB   // 系统缓冲(文件与共享内存)
    SwapCached:            0 kB
    Active:            45972 kB
    Inactive:          27068 kB
    Active(anon):      13024 kB
    Inactive(anon):      124 kB
    Active(file):      32948 kB
    Inactive(file):    26944 kB
    Unevictable:        7972 kB
    Mlocked:               0 kB
    SwapTotal:             0 kB
    SwapFree:              0 kB
    Dirty:                 0 kB
    Writeback:             0 kB
    AnonPages:         12972 kB
    Mapped:             9992 kB
    Shmem:               180 kB
    Slab:              52092 kB
    SReclaimable:      36680 kB
    SUnreclaim:        15412 kB
    KernelStack:        2216 kB
    PageTables:         1232 kB
    NFS_Unstable:          0 kB
    Bounce:                0 kB
    WritebackTmp:          0 kB
    CommitLimit:       77460 kB
    Committed_AS:     912612 kB
    VmallocTotal:     761856 kB
    VmallocUsed:       43324 kB
    VmallocChunk:     677892 kB
    root@nutshell:/ # 


## cat /proc/pid/status
查看进程号为pid的进程的内存使用情况


    1|root@nutshell:/ # cat /proc/196/status                                                                                                                                               Name:	modemService //程序名称
    State:	S (sleeping) //程序当前状态
    Tgid:	196  //进程组ID，与组长进程的PID相同
    Ngid:	0
    Pid:	196  //进程id，系统内唯一
    PPid:	1  //父进程id
    TracerPid:	0
    Uid:	0	0	0	0
    Gid:	0	0	0	0
    FDSize:	256
    Groups:	
    VmPeak:	  157936 kB //进程所占用虚拟内存大小最大值
    VmSize:	  157936 kB //进程当前所占用虚拟内存大小
    VmLck:	       0 kB //进程锁住的虚拟内存，不能释放，不能交换
    VmPin:	       0 kB
    VmHWM:	    5344 kB //进程所占用物理内存峰值
    VmRSS:	    5344 kB //进程当前占用物理内存大小
    VmData:	  145704 kB //进程数据段占用虚拟内存大小
    VmStk:	     136 kB //进程用户栈占用虚拟内存大小
    VmExe:	     100 kB //进程代码段占用虚拟内存大小，不计算动态库
    VmLib:	   10004 kB //被映射到虚拟内存地址空间的动态库大小
    VmPTE:	      62 kB //进程所需页表占用物理内存大小
    VmSwap:	       0 kB
    Threads:	19 //进程拥有的线程数
    SigQ:	0/1108
    SigPnd:	0000000000000000
    ShdPnd:	0000000000000000
    SigBlk:	0000000000000000
    SigIgn:	0000000000000000
    SigCgt:	0000000180009ce8
    CapInh:	0000000000000000
    CapPrm:	0000003fffffffff
    CapEff:	0000003fffffffff
    CapBnd:	0000003fffffffff
    Cpus_allowed:	1
    Cpus_allowed_list:	0
    voluntary_ctxt_switches:	76
    nonvoluntary_ctxt_switches:	44
    root@nutshell:/ #



### 进程的虚拟内存空间

#### bbs段(block started by symbol segment)
存放程序中未初始化的全局变量的一块内存区域 ,静态内存分配

#### 数据段(data segment)
存放程序中已初始化的全局变量的一块内存区域，静态内存分配

#### 代码段(code segment)
存放程序执行代码中的一块内存区域，大小在程序运行前就已经确定，一般属于只读，在某些架构中也允许代码段可写，在代码段中，也可能包含一些只读的常量数量

#### 堆(heap)
存放进程运行中被动态分配的内存段，大小不固定，可以动态增加或者减少，当进程调用malloc,new等函数分配内存时，新分配的内存会被动态的加到堆上，当调用free等函数释放内存时，被释放的内存从堆上去除

#### 栈(stack)
用户存放临时创建的局部变量，由操作系统分配，内存的申请释放斗鱼操作系统管理

